Job name: test
 Starting time: Fri Jun  3 17:52:02 2016
 Input file: Input.csv
 Number of parameters: 3
 Number of molecules in the Training Set: 105
 Number of molecules in the Test Set: 40
 Total molecules imported: 145
 Random seed: 1
 Boolean activity set to column: 2 (starting from 0)
 Numeric activity value taken from column: 3
 Calculated activity values set in column: 144
 Finish time: Fri Jun  3 17:52:16 2016
 Running time (s): 14.1444699764
 
 The best parameters found were: [ 6.21708     5.96052293 -3.1527058 ]
 
 
 For the Monte Carlo (MC) calculation: 
 Saved figure test/triangle.png contains the corner graphs of the MC run
 Saved figure test/chi_squared.png contains the value of $chi^2$ as a function of the iteration step for one walker
 Saved figure test/chi_squared_log.png contains the value of $log{chi^2}$ as a function of the iteration step for one walker
 
 
 For the Training Set: 
 
 The fitting line between experimental and predicted activity had an r^2 of: 4.07328702284e-05
 The equation of this line is: PRED = 0.00119978173148*EXP + 3.96486882276
 Saved figure test/ActTrainSet.png contains the fitting of the predicted activity to the experimental one using an MC method for the Training Set
 Saved figure test/ActTrainSetPredExp.png contains the predicted activities as a function of the experimental ones for the Training Set
 
 
 For the Test Set: 
 
 The fitting line between experimental and predicted activity had an r^2 of: 0.0239380970561
 The equation of this line is: PRED = 0.0625004504847*EXP + 4.82224415709
 Saved figure test/ActTestSet.png contains the fitting of the predicted activity to the experimental one using an MC method for the Test Set
 Saved figure test/ActTestSetPredExp.png contains the predicted activities as a function of the experimental ones for the Test Set
 Saved figure test/EnrichmentCurveCODE.png contains the enrichment curve of the complete set of molecules when the compounds are sorted according to the CODE function value